[yevgenysim.github.io/shopper/index.html]
[yevgenysim.github.io/shopper/assets/img/favicons/favicon.ico]
[yevgenysim.github.io/shopper/assets/libs/@fancyapps/fancybox/dist/jquery.fancybox.min.css]
[yevgenysim.github.io/shopper/assets/libs/@fortawesome/fontawesome-free/css/all.min.css]
[yevgenysim.github.io/shopper/assets/libs/flickity/dist/flickity.min.css]
[yevgenysim.github.io/shopper/assets/libs/highlightjs/styles/vs2015.css]
[yevgenysim.github.io/shopper/assets/libs/simplebar/dist/simplebar.min.css]
[yevgenysim.github.io/shopper/assets/fonts/feather/feather.css]
[backblue.gif]
[fade.gif]
[index.html]
[yevgenysim.github.io/shopper/assets/css/theme.min.css]
[yevgenysim.github.io/shopper/assets/img/covers/cover-25.jpg]
[yevgenysim.github.io/shopper/assets/img/covers/cover-26.jpg]
[yevgenysim.github.io/shopper/assets/img/products/product-7.jpg]
[yevgenysim.github.io/shopper/product.html]
[yevgenysim.github.io/shopper/assets/img/products/product-49.jpg]
[yevgenysim.github.io/shopper/assets/img/products/product-5.jpg]
[yevgenysim.github.io/shopper/assets/img/products/product-6.jpg]
[yevgenysim.github.io/shopper/assets/img/products/product-8.jpg]
[yevgenysim.github.io/shopper/assets/img/products/product-9.jpg]
[yevgenysim.github.io/shopper/shop.html]
[yevgenysim.github.io/shopper/assets/img/products/product-10.jpg]
[yevgenysim.github.io/shopper/checkout.html]
[yevgenysim.github.io/shopper/shopping-cart.html]
[yevgenysim.github.io/shopper/index-2.html]
[yevgenysim.github.io/shopper/index-classic.html]
[yevgenysim.github.io/shopper/index-fashion.html]
[yevgenysim.github.io/shopper/index-boxed.html]
[yevgenysim.github.io/shopper/index-simple.html]
[yevgenysim.github.io/shopper/index-asymmetric.html]
[yevgenysim.github.io/shopper/index-sidenav.html]
[yevgenysim.github.io/shopper/index-landing.html]
[yevgenysim.github.io/shopper/shop-topbar.html]
[yevgenysim.github.io/shopper/shop-collapse.html]
[yevgenysim.github.io/shopper/shop-simple.html]
[yevgenysim.github.io/shopper/shop-masonry.html]
[yevgenysim.github.io/shopper/product-images-left.html]
[yevgenysim.github.io/shopper/product-image-grid.html]
[yevgenysim.github.io/shopper/product-image-slider.html]
[yevgenysim.github.io/shopper/product-images-stacked.html]
[yevgenysim.github.io/shopper/order-completed.html]
[yevgenysim.github.io/shopper/shipping-and-returns.html]
[yevgenysim.github.io/shopper/account-order.html]
[yevgenysim.github.io/shopper/account-orders.html]
[yevgenysim.github.io/shopper/account-wishlist.html]
[yevgenysim.github.io/shopper/account-personal-info.html]
[yevgenysim.github.io/shopper/account-address.html]
[yevgenysim.github.io/shopper/account-address-edit.html]
[yevgenysim.github.io/shopper/account-payment.html]
[yevgenysim.github.io/shopper/account-payment-edit.html]
[yevgenysim.github.io/shopper/account-payment-choose.html]
[yevgenysim.github.io/shopper/auth.html]
[yevgenysim.github.io/shopper/about.html]
[yevgenysim.github.io/shopper/contact-us.html]
[yevgenysim.github.io/shopper/store-locator.html]
[yevgenysim.github.io/shopper/faq.html]
[yevgenysim.github.io/shopper/coming-soon.html]
[yevgenysim.github.io/shopper/404.html]
[yevgenysim.github.io/shopper/blog.html]
[yevgenysim.github.io/shopper/blog-post.html]
[yevgenysim.github.io/shopper/docs/getting-started.html]
[yevgenysim.github.io/shopper/assets/img/flags/usa.svg]
[yevgenysim.github.io/shopper/assets/img/flags/canada.svg]
[yevgenysim.github.io/shopper/assets/img/flags/germany.svg]
[yevgenysim.github.io/shopper/overview.html]
[yevgenysim.github.io/shopper/assets/img/products/product-110.jpg]
[yevgenysim.github.io/shopper/assets/img/covers/cover-1.jpg]
[yevgenysim.github.io/shopper/assets/img/covers/cover-2.jpg]
[yevgenysim.github.io/shopper/assets/img/covers/cover-3.jpg]
[yevgenysim.github.io/shopper/assets/img/products/product-1.jpg]
[yevgenysim.github.io/shopper/assets/img/products/product-2.jpg]
[yevgenysim.github.io/shopper/assets/img/products/product-3.jpg]
[yevgenysim.github.io/shopper/assets/img/products/product-4.jpg]
[yevgenysim.github.io/shopper/assets/img/products/product-120.jpg]
[yevgenysim.github.io/shopper/assets/img/products/product-121.jpg]
[yevgenysim.github.io/shopper/assets/img/products/product-122.jpg]
[yevgenysim.github.io/shopper/assets/img/products/product-123.jpg]
[yevgenysim.github.io/shopper/assets/img/products/product-124.jpg]
[yevgenysim.github.io/shopper/assets/img/products/product-11.jpg]
[yevgenysim.github.io/shopper/assets/img/products/product-12.jpg]
[yevgenysim.github.io/shopper/assets/img/covers/cover-4.jpg]
[yevgenysim.github.io/shopper/assets/img/products/product-13.jpg]
[yevgenysim.github.io/shopper/assets/img/products/product-14.jpg]
[yevgenysim.github.io/shopper/assets/img/products/product-15.jpg]
[yevgenysim.github.io/shopper/assets/img/products/product-16.jpg]
[yevgenysim.github.io/shopper/assets/img/products/product-17.jpg]
[yevgenysim.github.io/shopper/assets/img/products/product-18.jpg]
[yevgenysim.github.io/shopper/assets/img/products/product-19.jpg]
[yevgenysim.github.io/shopper/assets/img/products/product-20.jpg]
[yevgenysim.github.io/shopper/assets/img/products/product-21.jpg]
[yevgenysim.github.io/shopper/assets/img/brands/gray-350/mango.svg]
[yevgenysim.github.io/shopper/assets/img/brands/gray-350/zara.svg]
[yevgenysim.github.io/shopper/assets/img/brands/gray-350/reebok.svg]
[yevgenysim.github.io/shopper/assets/img/brands/gray-350/asos.svg]
[yevgenysim.github.io/shopper/assets/img/brands/gray-350/stradivarius.svg]
[yevgenysim.github.io/shopper/assets/img/brands/gray-350/adidas.svg]
[yevgenysim.github.io/shopper/assets/img/brands/gray-350/bershka.svg]
[yevgenysim.github.io/shopper/assets/img/patterns/pattern-2.svg]
[yevgenysim.github.io/shopper/assets/img/payment/mastercard.svg]
[yevgenysim.github.io/shopper/assets/img/payment/visa.svg]
[yevgenysim.github.io/shopper/assets/img/payment/amex.svg]
[yevgenysim.github.io/shopper/assets/img/payment/paypal.svg]
[yevgenysim.github.io/shopper/assets/img/payment/maestro.svg]
[yevgenysim.github.io/shopper/assets/img/payment/klarna.svg]
[yevgenysim.github.io/shopper/assets/libs/jquery/dist/jquery.min.js]
[yevgenysim.github.io/shopper/assets/libs/@fancyapps/fancybox/dist/jquery.fancybox.min.js]
[yevgenysim.github.io/shopper/assets/libs/bootstrap/dist/js/bootstrap.bundle.min.js]
[yevgenysim.github.io/shopper/assets/libs/flickity/dist/flickity.pkgd.min.js]
[yevgenysim.github.io/shopper/assets/libs/highlightjs/highlight.pack.min.js]
[yevgenysim.github.io/shopper/assets/libs/jarallax/dist/jarallax.min.js]
[yevgenysim.github.io/shopper/assets/libs/list.js/dist/list.min.js]
[yevgenysim.github.io/shopper/assets/libs/simplebar/dist/simplebar.min.js]
[yevgenysim.github.io/shopper/assets/libs/smooth-scroll/dist/smooth-scroll.min.js]
[yevgenysim.github.io/shopper/assets/libs/flickity-fade/flickity-fade.js]
[yevgenysim.github.io/shopper/assets/js/theme.min.js]
[yevgenysim.github.io/shopper/index.html]
[yevgenysim.github.io/shopper/assets/libs/@fancyapps/fancybox/dist/jquery.fancybox.min.css]
[yevgenysim.github.io/shopper/assets/libs/@fortawesome/fontawesome-free/webfonts/fa-brands-400.eot]
[yevgenysim.github.io/shopper/assets/libs/@fortawesome/fontawesome-free/webfonts/fa-brands-400d41d.eot]
[yevgenysim.github.io/shopper/assets/libs/@fortawesome/fontawesome-free/webfonts/fa-brands-400.woff2]
[yevgenysim.github.io/shopper/assets/libs/@fortawesome/fontawesome-free/webfonts/fa-brands-400.woff]
[yevgenysim.github.io/shopper/assets/libs/@fortawesome/fontawesome-free/webfonts/fa-brands-400.ttf]
[yevgenysim.github.io/shopper/assets/libs/@fortawesome/fontawesome-free/webfonts/fa-brands-400.svg]
[yevgenysim.github.io/shopper/assets/libs/@fortawesome/fontawesome-free/webfonts/fa-regular-400.eot]
[yevgenysim.github.io/shopper/assets/libs/@fortawesome/fontawesome-free/webfonts/fa-regular-400d41d.eot]
[yevgenysim.github.io/shopper/assets/libs/@fortawesome/fontawesome-free/webfonts/fa-regular-400.woff2]
[yevgenysim.github.io/shopper/assets/libs/@fortawesome/fontawesome-free/webfonts/fa-regular-400.woff]
[yevgenysim.github.io/shopper/assets/libs/@fortawesome/fontawesome-free/webfonts/fa-regular-400.ttf]
[yevgenysim.github.io/shopper/assets/libs/@fortawesome/fontawesome-free/webfonts/fa-regular-400.svg]
[yevgenysim.github.io/shopper/assets/libs/@fortawesome/fontawesome-free/webfonts/fa-solid-900.eot]
[yevgenysim.github.io/shopper/assets/libs/@fortawesome/fontawesome-free/webfonts/fa-solid-900d41d.eot]
[yevgenysim.github.io/shopper/assets/libs/@fortawesome/fontawesome-free/webfonts/fa-solid-900.woff2]
[yevgenysim.github.io/shopper/assets/libs/@fortawesome/fontawesome-free/webfonts/fa-solid-900.woff]
[yevgenysim.github.io/shopper/assets/libs/@fortawesome/fontawesome-free/webfonts/fa-solid-900.ttf]
[yevgenysim.github.io/shopper/assets/libs/@fortawesome/fontawesome-free/css/all.min.css]
[yevgenysim.github.io/shopper/assets/libs/flickity/dist/flickity.min.css]
[yevgenysim.github.io/shopper/assets/libs/highlightjs/styles/vs2015.css]
[yevgenysim.github.io/shopper/assets/libs/simplebar/dist/simplebar.min.css]
[yevgenysim.github.io/shopper/assets/libs/flickity-fade/flickity-fade.css]
[yevgenysim.github.io/shopper/assets/libs/@fortawesome/fontawesome-free/webfonts/fa-solid-900.svg]
[yevgenysim.github.io/shopper/assets/fonts/feather/fonts/Feather144f.ttf]
[yevgenysim.github.io/shopper/assets/fonts/feather/fonts/Feather144f.woff]
[yevgenysim.github.io/shopper/assets/fonts/feather/feather.css]
[yevgenysim.github.io/shopper/assets/fonts/feather/fonts/Feather144f.svg]
[yevgenysim.github.io/shopper/assets/fonts/jost/Jost-400-Book.woff2]
[yevgenysim.github.io/shopper/assets/fonts/jost/Jost-400-Book.woff]
[yevgenysim.github.io/shopper/assets/fonts/jost/Jost-400-Book.ttf]
[yevgenysim.github.io/shopper/assets/fonts/jost/Jost-400-BookItalic.woff2]
[yevgenysim.github.io/shopper/assets/fonts/jost/Jost-400-BookItalic.woff]
[yevgenysim.github.io/shopper/assets/fonts/jost/Jost-400-BookItalic.ttf]
[yevgenysim.github.io/shopper/assets/fonts/jost/Jost-500-Medium.woff2]
[yevgenysim.github.io/shopper/assets/fonts/jost/Jost-500-Medium.woff]
[yevgenysim.github.io/shopper/assets/fonts/jost/Jost-500-Medium.ttf]
[yevgenysim.github.io/shopper/assets/fonts/jost/Jost-600-Semi.woff2]
[yevgenysim.github.io/shopper/assets/fonts/jost/Jost-600-Semi.woff]
[yevgenysim.github.io/shopper/assets/fonts/jost/Jost-600-Semi.ttf]
[yevgenysim.github.io/shopper/assets/img/patterns/pattern-1.svg]
[yevgenysim.github.io/shopper/assets/img/masks/avatar-status.svg]
[yevgenysim.github.io/shopper/assets/img/masks/avatar-group.svg]
[yevgenysim.github.io/shopper/assets/img/masks/avatar-group-hover.svg]
[yevgenysim.github.io/shopper/assets/img/masks/avatar-group-hover-last.svg]
[yevgenysim.github.io/shopper/assets/css/theme.min.css]
[yevgenysim.github.io/shopper/assets/img/products/product-146.jpg]
[yevgenysim.github.io/shopper/assets/img/icons/icon-ruler.svg]
[yevgenysim.github.io/shopper/product.html]
[yevgenysim.github.io/shopper/assets/img/covers/cover-24.jpg]
[yevgenysim.github.io/shopper/assets/img/covers/cover-16.jpg]
[yevgenysim.github.io/shopper/assets/img/covers/cover-29.jpg]
[yevgenysim.github.io/shopper/assets/img/covers/cover-30.jpg]
[yevgenysim.github.io/shopper/shop.html]
[yevgenysim.github.io/shopper/assets/img/brands/color/cards.svg]
[yevgenysim.github.io/shopper/assets/img/brands/color/paypal.svg]
[yevgenysim.github.io/shopper/checkout.html]
[yevgenysim.github.io/shopper/shopping-cart.html]
[yevgenysim.github.io/shopper/index-2.html]
[yevgenysim.github.io/shopper/assets/img/products/product-111.jpg]
[yevgenysim.github.io/shopper/assets/img/covers/cover-5.jpg]
[yevgenysim.github.io/shopper/assets/img/covers/cover-23.jpg]
[yevgenysim.github.io/shopper/assets/img/products/product-22.jpg]
[yevgenysim.github.io/shopper/assets/img/products/product-23.jpg]
[yevgenysim.github.io/shopper/assets/img/products/product-24.jpg]
[yevgenysim.github.io/shopper/assets/img/products/product-25.jpg]
[yevgenysim.github.io/shopper/assets/img/products/product-26.jpg]
[yevgenysim.github.io/shopper/assets/img/products/product-27.jpg]
[yevgenysim.github.io/shopper/assets/img/products/product-28.jpg]
[yevgenysim.github.io/shopper/assets/img/products/product-29.jpg]
[yevgenysim.github.io/shopper/assets/img/products/product-125.jpg]
[yevgenysim.github.io/shopper/assets/img/products/product-126.jpg]
[yevgenysim.github.io/shopper/assets/img/products/product-30.jpg]
[yevgenysim.github.io/shopper/assets/img/products/product-31.jpg]
[yevgenysim.github.io/shopper/assets/img/products/product-32.jpg]
[yevgenysim.github.io/shopper/assets/img/products/product-33.jpg]
[yevgenysim.github.io/shopper/assets/img/products/product-34.jpg]
[yevgenysim.github.io/shopper/assets/img/products/product-136.jpg]
[yevgenysim.github.io/shopper/assets/img/products/product-138.jpg]
[yevgenysim.github.io/shopper/assets/img/products/product-35.jpg]
[yevgenysim.github.io/shopper/assets/img/products/product-137.jpg]
[yevgenysim.github.io/shopper/assets/img/products/product-139.jpg]
[yevgenysim.github.io/shopper/assets/img/blog/blog-1.jpg]
[yevgenysim.github.io/shopper/assets/img/blog/blog-2.jpg]
[yevgenysim.github.io/shopper/assets/img/blog/blog-3.jpg]
[yevgenysim.github.io/shopper/index-classic.html]
[yevgenysim.github.io/shopper/assets/img/covers/cover-6.jpg]
[yevgenysim.github.io/shopper/assets/img/covers/cover-7.jpg]
[yevgenysim.github.io/shopper/assets/img/covers/cover-8.jpg]
[yevgenysim.github.io/shopper/assets/img/covers/cover-9.jpg]
[yevgenysim.github.io/shopper/assets/img/products/product-142.jpg]
[yevgenysim.github.io/shopper/assets/img/products/product-143.jpg]
[yevgenysim.github.io/shopper/assets/img/products/product-144.jpg]
[yevgenysim.github.io/shopper/assets/img/products/product-145.jpg]
[yevgenysim.github.io/shopper/assets/img/covers/cover-10.jpg]
[yevgenysim.github.io/shopper/assets/img/products/product-38.jpg]
[yevgenysim.github.io/shopper/assets/img/products/product-39.jpg]
[yevgenysim.github.io/shopper/assets/img/brands/gray-350/forever21.svg]
[yevgenysim.github.io/shopper/assets/img/brands/gray-350/esprit.svg]
[yevgenysim.github.io/shopper/assets/img/brands/gray-350/converse.svg]
[yevgenysim.github.io/shopper/assets/img/brands/gray-350/calvin-klein.svg]
[yevgenysim.github.io/shopper/assets/img/brands/gray-350/joop.svg]
[yevgenysim.github.io/shopper/assets/img/brands/gray-350/h&m.svg]
[yevgenysim.github.io/shopper/assets/img/brands/gray-350/only.svg]
[yevgenysim.github.io/shopper/assets/img/brands/gray-350/guess.svg]
[yevgenysim.github.io/shopper/assets/img/brands/gray-350/river-island.svg]
[yevgenysim.github.io/shopper/assets/img/brands/gray-350/victorias-secret.svg]
[yevgenysim.github.io/shopper/assets/img/brands/gray-350/topshop.svg]
[yevgenysim.github.io/shopper/assets/img/products/product-40.jpg]
[yevgenysim.github.io/shopper/assets/img/products/product-41.jpg]
[yevgenysim.github.io/shopper/assets/img/products/product-42.jpg]
[yevgenysim.github.io/shopper/assets/img/products/product-43.jpg]
[yevgenysim.github.io/shopper/index-fashion.html]
[yevgenysim.github.io/shopper/assets/img/products/product-44.jpg]
[yevgenysim.github.io/shopper/assets/img/products/product-45.jpg]
[yevgenysim.github.io/shopper/assets/img/products/product-46.jpg]
[yevgenysim.github.io/shopper/assets/img/products/product-47.jpg]
[yevgenysim.github.io/shopper/assets/img/products/product-48.jpg]
[yevgenysim.github.io/shopper/assets/img/covers/cover-11.jpg]
[yevgenysim.github.io/shopper/assets/img/covers/cover-12.jpg]
[yevgenysim.github.io/shopper/assets/img/brands/black/mango.svg]
[yevgenysim.github.io/shopper/assets/img/brands/black/river-island.svg]
[yevgenysim.github.io/shopper/assets/img/brands/black/esprit.svg]
[yevgenysim.github.io/shopper/assets/img/brands/black/zara.svg]
[yevgenysim.github.io/shopper/index-boxed.html]
[yevgenysim.github.io/shopper/assets/img/covers/cover-13.jpg]
[yevgenysim.github.io/shopper/product-2.html]
[yevgenysim.github.io/shopper/assets/img/products/product-50.jpg]
[yevgenysim.github.io/shopper/assets/img/products/product-51.jpg]
[yevgenysim.github.io/shopper/assets/img/products/product-52.jpg]
[yevgenysim.github.io/shopper/assets/img/products/product-53.jpg]
[yevgenysim.github.io/shopper/assets/img/products/product-127.jpg]
[yevgenysim.github.io/shopper/assets/img/products/product-128.jpg]
[yevgenysim.github.io/shopper/assets/img/products/product-54.jpg]
[yevgenysim.github.io/shopper/assets/img/products/product-55.jpg]
[yevgenysim.github.io/shopper/assets/img/products/product-56.jpg]
[yevgenysim.github.io/shopper/assets/img/products/product-57.jpg]
[yevgenysim.github.io/shopper/assets/img/products/product-58.jpg]
[yevgenysim.github.io/shopper/assets/img/products/product-59.jpg]
[yevgenysim.github.io/shopper/assets/img/products/product-62.jpg]
[yevgenysim.github.io/shopper/assets/img/products/product-63.jpg]
[yevgenysim.github.io/shopper/assets/video/video-1.mp4]
[yevgenysim.github.io/shopper/assets/img/covers/cover-15.jpg]
[yevgenysim.github.io/shopper/index-simple.html]
[yevgenysim.github.io/shopper/assets/img/covers/cover-27.jpg]
[yevgenysim.github.io/shopper/assets/img/covers/cover-28.jpg]
[yevgenysim.github.io/shopper/assets/img/products/product-65.jpg]
[yevgenysim.github.io/shopper/assets/img/products/product-66.jpg]
[yevgenysim.github.io/shopper/assets/img/products/product-67.jpg]
[yevgenysim.github.io/shopper/product-3.htmL]
[yevgenysim.github.io/shopper/assets/img/products/product-68.jpg]
[yevgenysim.github.io/shopper/assets/img/products/product-69.jpg]
[yevgenysim.github.io/shopper/prpoduct.html]
[yevgenysim.github.io/shopper/assets/img/products/product-70.jpg]
[yevgenysim.github.io/shopper/assets/img/covers/cover-17.jpg]
[yevgenysim.github.io/shopper/assets/img/products/product-71.jpg]
[yevgenysim.github.io/shopper/assets/img/products/product-72.jpg]
[yevgenysim.github.io/shopper/index-asymmetric.html]
[yevgenysim.github.io/shopper/assets/img/products/product-73.jpg]
[yevgenysim.github.io/shopper/assets/img/products/product-74.jpg]
[yevgenysim.github.io/shopper/assets/img/products/product-75.jpg]
[yevgenysim.github.io/shopper/assets/img/products/product-76.jpg]
[yevgenysim.github.io/shopper/assets/img/products/product-77.jpg]
[yevgenysim.github.io/shopper/assets/img/products/product-78.jpg]
[yevgenysim.github.io/shopper/assets/img/products/product-79.jpg]
[yevgenysim.github.io/shopper/assets/img/products/product-80.jpg]
[yevgenysim.github.io/shopper/assets/img/products/product-81.jpg]
[yevgenysim.github.io/shopper/assets/img/products/product-82.jpg]
[yevgenysim.github.io/shopper/assets/img/products/product-83.jpg]
[yevgenysim.github.io/shopper/assets/img/products/product-84.jpg]
[yevgenysim.github.io/shopper/assets/img/products/product-85.jpg]
[yevgenysim.github.io/shopper/assets/img/products/product-86.jpg]
[yevgenysim.github.io/shopper/assets/img/products/product-87.jpg]
[yevgenysim.github.io/shopper/assets/img/products/product-88.jpg]
[yevgenysim.github.io/shopper/assets/img/products/product-89.jpg]
[yevgenysim.github.io/shopper/assets/img/products/product-90.jpg]
[yevgenysim.github.io/shopper/index-sidenav.html]
[yevgenysim.github.io/shopper/assets/img/covers/cover-18.jpg]
[yevgenysim.github.io/shopper/assets/img/products/product-91.jpg]
[yevgenysim.github.io/shopper/assets/img/icons/icon-hands.svg]
[yevgenysim.github.io/shopper/assets/img/products/product-92.jpg]
[yevgenysim.github.io/shopper/assets/img/icons/icon-wrap.svg]
[yevgenysim.github.io/shopper/assets/img/products/product-93.jpg]
[yevgenysim.github.io/shopper/assets/img/icons/icon-bottle.svg]
[yevgenysim.github.io/shopper/assets/img/products/product-94.jpg]
[yevgenysim.github.io/shopper/assets/img/products/product-95.jpg]
[yevgenysim.github.io/shopper/assets/img/products/product-96.jpg]
[yevgenysim.github.io/shopper/assets/img/products/product-129.jpg]
[yevgenysim.github.io/shopper/assets/img/covers/cover-19.jpg]
[yevgenysim.github.io/shopper/assets/img/icons/icon-eye.svg]
[yevgenysim.github.io/shopper/assets/img/icons/icon-drops.svg]
[yevgenysim.github.io/shopper/assets/img/icons/icon-pack.svg]
[yevgenysim.github.io/shopper/assets/img/products/product-97.jpg]
[yevgenysim.github.io/shopper/assets/img/products/product-98.jpg]
[yevgenysim.github.io/shopper/assets/img/products/product-99.jpg]
[yevgenysim.github.io/shopper/assets/img/products/product-100.jpg]
[yevgenysim.github.io/shopper/assets/img/products/product-101.jpg]
[yevgenysim.github.io/shopper/assets/img/products/product-102.jpg]
[yevgenysim.github.io/shopper/assets/img/products/product-104.jpg]
[yevgenysim.github.io/shopper/assets/img/products/product-103.jpg]
[yevgenysim.github.io/shopper/assets/img/covers/cover-20.jpg]
[yevgenysim.github.io/shopper/assets/img/avatars/avatar-1.jpg]
[yevgenysim.github.io/shopper/assets/img/avatars/avatar-4.jpg]
[yevgenysim.github.io/shopper/assets/img/avatars/avatar-2.jpg]
[yevgenysim.github.io/shopper/assets/img/avatars/avatar-5.jpg]
[yevgenysim.github.io/shopper/assets/img/avatars/avatar-3.jpg]
[yevgenysim.github.io/shopper/assets/img/avatars/avatar-6.jpg]
[yevgenysim.github.io/shopper/assets/img/products/product-105.jpg]
[yevgenysim.github.io/shopper/assets/img/products/product-106.jpg]
[yevgenysim.github.io/shopper/assets/img/products/product-107.jpg]
[yevgenysim.github.io/shopper/assets/img/products/product-108.jpg]
[yevgenysim.github.io/shopper/assets/img/products/product-109.jpg]
[yevgenysim.github.io/shopper/index-landing.html]
[yevgenysim.github.io/shopper/shop-topbar.html]
[yevgenysim.github.io/shopper/assets/img/covers/cover-31.jpg]
[yevgenysim.github.io/shopper/shop-collapse.html]
[yevgenysim.github.io/shopper/shop-simple.html]
[yevgenysim.github.io/shopper/shop-masonry.html]
[yevgenysim.github.io/shopper/assets/img/products/product-112.jpg]
[yevgenysim.github.io/shopper/assets/img/products/product-113.jpg]
[yevgenysim.github.io/shopper/assets/img/products/product-114.jpg]
[yevgenysim.github.io/shopper/assets/img/products/product-115.jpg]
[yevgenysim.github.io/shopper/product-images-left.html]
[yevgenysim.github.io/shopper/assets/img/products/product-147.jpg]
[yevgenysim.github.io/shopper/assets/img/products/product-148.jpg]
[yevgenysim.github.io/shopper/assets/img/products/product-149.jpg]
[yevgenysim.github.io/shopper/assets/img/products/product-150.jpg]
[yevgenysim.github.io/shopper/product-image-grid.html]
[yevgenysim.github.io/shopper/assets/img/products/product-153.jpg]
[yevgenysim.github.io/shopper/assets/img/products/product-154.jpg]
[yevgenysim.github.io/shopper/assets/img/products/product-155.jpg]
[yevgenysim.github.io/shopper/assets/img/products/product-156.jpg]
[yevgenysim.github.io/shopper/assets/img/products/product-151.jpg]
[yevgenysim.github.io/shopper/assets/img/products/product-152.jpg]
[yevgenysim.github.io/shopper/product-image-slider.html]
[yevgenysim.github.io/shopper/assets/img/products/product-157.jpg]
[yevgenysim.github.io/shopper/assets/img/products/product-158.jpg]
[yevgenysim.github.io/shopper/assets/img/products/product-159.jpg]
[yevgenysim.github.io/shopper/product-images-stacked.html]
[yevgenysim.github.io/shopper/order-completed.html]
[yevgenysim.github.io/shopper/shipping-and-returns.html]
[yevgenysim.github.io/shopper/account-order.html]
[yevgenysim.github.io/shopper/account-orders.html]
[yevgenysim.github.io/shopper/account-wishlist.html]
[yevgenysim.github.io/shopper/account-personal-info.html]
[yevgenysim.github.io/shopper/account-address.html]
[yevgenysim.github.io/shopper/account-address-edit.html]
[yevgenysim.github.io/shopper/account-payment.html]
[yevgenysim.github.io/shopper/account-payment-edit.html]
[yevgenysim.github.io/shopper/account-payment-choose.html]
[yevgenysim.github.io/shopper/auth.html]
[yevgenysim.github.io/shopper/assets/img/covers/cover-21.jpg]
[yevgenysim.github.io/shopper/assets/img/products/product-36.jpg]
[yevgenysim.github.io/shopper/assets/img/products/product-37.jpg]
[yevgenysim.github.io/shopper/assets/img/products/product-116.jpg]
[yevgenysim.github.io/shopper/assets/img/products/product-117.jpg]
[yevgenysim.github.io/shopper/assets/img/products/product-118.jpg]
[yevgenysim.github.io/shopper/assets/img/products/product-119.jpg]
[yevgenysim.github.io/shopper/about.html]
[yevgenysim.github.io/shopper/contact-us.html]
[yevgenysim.github.io/shopper/store-locator.html]
[yevgenysim.github.io/shopper/faq.html]
[yevgenysim.github.io/shopper/assets/img/covers/cover-22.jpg]
[yevgenysim.github.io/shopper/coming-soon.html]
[yevgenysim.github.io/shopper/404.html]
[yevgenysim.github.io/shopper/assets/img/blog/blog-4.jpg]
[yevgenysim.github.io/shopper/assets/img/blog/blog-5.jpg]
[yevgenysim.github.io/shopper/assets/img/blog/blog-6.jpg]
[yevgenysim.github.io/shopper/assets/img/blog/blog-7.jpg]
[yevgenysim.github.io/shopper/assets/img/blog/blog-8.jpg]
[yevgenysim.github.io/shopper/blog.html]
[yevgenysim.github.io/shopper/assets/img/blog/blog-9.jpg]
[yevgenysim.github.io/shopper/blog-post.html]
[yevgenysim.github.io/shopper/docs/changelog.html]
[yevgenysim.github.io/shopper/docs/alerts.html]
[yevgenysim.github.io/shopper/docs/avatars.html]
[yevgenysim.github.io/shopper/docs/badges.html]
[yevgenysim.github.io/shopper/docs/brands.html]
[yevgenysim.github.io/shopper/docs/breadcrumb.html]
[yevgenysim.github.io/shopper/docs/buttons.html]
[yevgenysim.github.io/shopper/docs/cards.html]
[yevgenysim.github.io/shopper/docs/dropdowns.html]
[yevgenysim.github.io/shopper/docs/form.html]
[yevgenysim.github.io/shopper/docs/icons.html]
[yevgenysim.github.io/shopper/docs/lists.html]
[yevgenysim.github.io/shopper/docs/modals.html]
[yevgenysim.github.io/shopper/docs/navbar.html]
[yevgenysim.github.io/shopper/docs/navs.html]
[yevgenysim.github.io/shopper/docs/pagination.html]
[yevgenysim.github.io/shopper/docs/popovers.html]
[yevgenysim.github.io/shopper/docs/progress.html]
[yevgenysim.github.io/shopper/docs/rate.html]
[yevgenysim.github.io/shopper/docs/rating.html]
[yevgenysim.github.io/shopper/docs/review.html]
[yevgenysim.github.io/shopper/docs/spinners.html]
[yevgenysim.github.io/shopper/docs/tables.html]
[yevgenysim.github.io/shopper/docs/toasts.html]
[yevgenysim.github.io/shopper/docs/tooltips.html]
[yevgenysim.github.io/shopper/docs/typography.html]
[yevgenysim.github.io/shopper/docs/fancybox.html]
[yevgenysim.github.io/shopper/docs/flickity.html]
[yevgenysim.github.io/shopper/docs/jarallax.html]
[yevgenysim.github.io/shopper/docs/listjs.html]
[yevgenysim.github.io/shopper/docs/map.html]
[yevgenysim.github.io/shopper/docs/simplebar.html]
[yevgenysim.github.io/shopper/docs/smooth-scroll.html]
[yevgenysim.github.io/shopper/docs/background.html]
[yevgenysim.github.io/shopper/docs/border.html]
[yevgenysim.github.io/shopper/docs/embed.html]
[yevgenysim.github.io/shopper/docs/lift.html]
[yevgenysim.github.io/shopper/docs/opacity.html]
[yevgenysim.github.io/shopper/docs/position.html]
[yevgenysim.github.io/shopper/docs/shadow.html]
[yevgenysim.github.io/shopper/docs/sizing.html]
[yevgenysim.github.io/shopper/docs/text.html]
[yevgenysim.github.io/shopper/docs/video.html]
[yevgenysim.github.io/shopper/docs/zindex.html]
[yevgenysim.github.io/shopper/docs/figma.html]
[yevgenysim.github.io/shopper/docs/getting-started.html]
[yevgenysim.github.io/shopper/assets/img/flags/usa.svg]
[yevgenysim.github.io/shopper/assets/img/flags/canada.svg]
[yevgenysim.github.io/shopper/assets/img/flags/germany.svg]
[yevgenysim.github.io/shopper/assets/img/devices/devices-1.png]
[yevgenysim.github.io/shopper/assets/img/screenshots/home/index-default.png]
[yevgenysim.github.io/shopper/assets/img/screenshots/home/index-classic.png]
[yevgenysim.github.io/shopper/assets/img/screenshots/home/index-fashion.png]
[yevgenysim.github.io/shopper/assets/img/screenshots/home/index-boxed.png]
[yevgenysim.github.io/shopper/assets/img/screenshots/home/index-simple.png]
[yevgenysim.github.io/shopper/assets/img/screenshots/home/index-asymmetric.png]
[yevgenysim.github.io/shopper/assets/img/screenshots/home/index-sidenav.png]
[yevgenysim.github.io/shopper/assets/img/screenshots/home/index-landing.png]
[yevgenysim.github.io/shopper/assets/img/screenshots/shop/shop.png]
[yevgenysim.github.io/shopper/assets/img/screenshots/shop/shop-topbar.png]
[yevgenysim.github.io/shopper/assets/img/screenshots/shop/shop-collapse.png]
[yevgenysim.github.io/shopper/assets/img/screenshots/shop/shop-simple.png]
[yevgenysim.github.io/shopper/assets/img/screenshots/shop/shop-masonry.png]
[yevgenysim.github.io/shopper/assets/img/screenshots/shop/product.png]
[yevgenysim.github.io/shopper/assets/img/screenshots/shop/product-images-left.png]
[yevgenysim.github.io/shopper/assets/img/screenshots/shop/product-image-grid.png]
[yevgenysim.github.io/shopper/assets/img/screenshots/shop/product-image-slider.png]
[yevgenysim.github.io/shopper/assets/img/screenshots/shop/product-images-stacked.png]
[yevgenysim.github.io/shopper/assets/img/screenshots/shop/shopping-cart.png]
[yevgenysim.github.io/shopper/assets/img/screenshots/shop/checkout.png]
[yevgenysim.github.io/shopper/assets/img/screenshots/shop/order-completed.png]
[yevgenysim.github.io/shopper/assets/img/screenshots/shop/shipping-and-returns.png]
[yevgenysim.github.io/shopper/assets/img/screenshots/nav/nav-1.png]
[yevgenysim.github.io/shopper/assets/img/screenshots/nav/nav-2.png]
[yevgenysim.github.io/shopper/assets/img/screenshots/nav/nav-3.png]
[yevgenysim.github.io/shopper/assets/img/screenshots/nav/nav-4.png]
[yevgenysim.github.io/shopper/assets/img/screenshots/nav/nav-5.png]
[yevgenysim.github.io/shopper/assets/img/screenshots/nav/nav-6.png]
[yevgenysim.github.io/shopper/assets/img/screenshots/menu/menu-1.jpg]
[yevgenysim.github.io/shopper/assets/img/screenshots/menu/menu-2.jpg]
[yevgenysim.github.io/shopper/assets/img/screenshots/menu/menu-3.jpg]
[yevgenysim.github.io/shopper/assets/img/screenshots/menu/menu-4.jpg]
[yevgenysim.github.io/shopper/assets/img/screenshots/support/about.jpg]
[yevgenysim.github.io/shopper/assets/img/screenshots/support/contact-us.jpg]
[yevgenysim.github.io/shopper/assets/img/screenshots/support/store-locator.jpg]
[yevgenysim.github.io/shopper/assets/img/screenshots/support/faq.jpg]
[yevgenysim.github.io/shopper/assets/img/screenshots/support/coming-soon.jpg]
[yevgenysim.github.io/shopper/assets/img/screenshots/support/404.jpg]
[yevgenysim.github.io/shopper/assets/img/devices/devices-2.jpg]
[yevgenysim.github.io/shopper/assets/img/icons/brands/bootstrap.svg]
[yevgenysim.github.io/shopper/assets/img/icons/brands/figma.svg]
[yevgenysim.github.io/shopper/assets/img/icons/brands/sass.svg]
[yevgenysim.github.io/shopper/assets/img/icons/brands/gulp.svg]
[yevgenysim.github.io/shopper/assets/img/icons/brands/w3c.svg]
[yevgenysim.github.io/shopper/assets/img/icons/brands/doc.svg]
[yevgenysim.github.io/shopper/_blank]
[yevgenysim.github.io/shopper/overview.html]
[yevgenysim.github.io/shopper/assets/img/brands/gray-350/mango.svg]
[yevgenysim.github.io/shopper/assets/img/brands/gray-350/zara.svg]
[yevgenysim.github.io/shopper/assets/img/brands/gray-350/reebok.svg]
[yevgenysim.github.io/shopper/assets/img/brands/gray-350/asos.svg]
[yevgenysim.github.io/shopper/assets/img/brands/gray-350/stradivarius.svg]
[yevgenysim.github.io/shopper/assets/img/brands/gray-350/adidas.svg]
[yevgenysim.github.io/shopper/assets/img/brands/gray-350/bershka.svg]
[yevgenysim.github.io/shopper/assets/img/patterns/pattern-2.svg]
[yevgenysim.github.io/shopper/assets/img/payment/mastercard.svg]
[yevgenysim.github.io/shopper/assets/img/payment/visa.svg]
[yevgenysim.github.io/shopper/assets/img/payment/amex.svg]
[yevgenysim.github.io/shopper/assets/img/payment/paypal.svg]
[yevgenysim.github.io/shopper/assets/img/payment/maestro.svg]
[yevgenysim.github.io/shopper/assets/img/payment/klarna.svg]
[yevgenysim.github.io/shopper/assets/libs/@fortawesome/fontawesome-free/webfonts/fa-brands-400.svg]
[yevgenysim.github.io/shopper/assets/libs/@fortawesome/fontawesome-free/webfonts/fa-regular-400.svg]
[yevgenysim.github.io/shopper/assets/libs/@fortawesome/fontawesome-free/webfonts/fa-solid-900.svg]
[yevgenysim.github.io/shopper/assets/fonts/feather/fonts/Feather144f.svg]
[yevgenysim.github.io/shopper/assets/img/patterns/pattern-1.svg]
[yevgenysim.github.io/shopper/assets/img/masks/avatar-status.svg]
[yevgenysim.github.io/shopper/assets/img/masks/avatar-group.svg]
[yevgenysim.github.io/shopper/assets/img/masks/avatar-group-hover.svg]
[yevgenysim.github.io/shopper/assets/img/masks/avatar-group-hover-last.svg]
[yevgenysim.github.io/shopper/assets/img/icons/icon-ruler.svg]
[yevgenysim.github.io/shopper/assets/img/brands/color/cards.svg]
[yevgenysim.github.io/shopper/assets/img/brands/color/paypal.svg]
[yevgenysim.github.io/shopper/assets/img/brands/gray-350/forever21.svg]
[yevgenysim.github.io/shopper/assets/img/brands/gray-350/esprit.svg]
[yevgenysim.github.io/shopper/assets/img/brands/gray-350/converse.svg]
[yevgenysim.github.io/shopper/assets/img/brands/gray-350/calvin-klein.svg]
[yevgenysim.github.io/shopper/assets/img/brands/gray-350/joop.svg]
[yevgenysim.github.io/shopper/assets/img/brands/gray-350/h&m.svg]
[yevgenysim.github.io/shopper/assets/img/brands/gray-350/only.svg]
[yevgenysim.github.io/shopper/assets/img/brands/gray-350/guess.svg]
[yevgenysim.github.io/shopper/assets/img/brands/gray-350/river-island.svg]
[yevgenysim.github.io/shopper/assets/img/brands/gray-350/victorias-secret.svg]
[yevgenysim.github.io/shopper/assets/img/brands/gray-350/topshop.svg]
[yevgenysim.github.io/shopper/assets/img/brands/black/mango.svg]
[yevgenysim.github.io/shopper/assets/img/brands/black/river-island.svg]
[yevgenysim.github.io/shopper/assets/img/brands/black/esprit.svg]
[yevgenysim.github.io/shopper/assets/img/brands/black/zara.svg]
[yevgenysim.github.io/shopper/product-2.html]
[yevgenysim.github.io/shopper/product-3.html]
[yevgenysim.github.io/shopper/prpoduct.html]
[yevgenysim.github.io/shopper/assets/img/icons/icon-hands.svg]
[yevgenysim.github.io/shopper/assets/img/icons/icon-wrap.svg]
[yevgenysim.github.io/shopper/assets/img/icons/icon-bottle.svg]
[yevgenysim.github.io/shopper/assets/img/icons/icon-eye.svg]
[yevgenysim.github.io/shopper/assets/img/icons/icon-drops.svg]
[yevgenysim.github.io/shopper/assets/img/icons/icon-pack.svg]
[yevgenysim.github.io/shopper/docs/changelog.html]
[yevgenysim.github.io/shopper/docs/alerts.html]
[yevgenysim.github.io/shopper/docs/avatars.html]
[yevgenysim.github.io/shopper/docs/badges.html]
[yevgenysim.github.io/shopper/docs/brands.html]
[yevgenysim.github.io/shopper/docs/index.html]
[yevgenysim.github.io/shopper/docs/shop.html]
[yevgenysim.github.io/shopper/docs/breadcrumb.html]
[yevgenysim.github.io/shopper/docs/buttons.html]
[yevgenysim.github.io/shopper/docs/cards.html]
[yevgenysim.github.io/shopper/docs/dropdowns.html]
[yevgenysim.github.io/shopper/docs/form.html]
[yevgenysim.github.io/shopper/docs/icons.html]
[yevgenysim.github.io/shopper/docs/lists.html]
[yevgenysim.github.io/shopper/docs/modals.html]
[yevgenysim.github.io/shopper/docs/navbar.html]
[yevgenysim.github.io/shopper/docs/navs.html]
[yevgenysim.github.io/shopper/docs/pagination.html]
[yevgenysim.github.io/shopper/docs/popovers.html]
[yevgenysim.github.io/shopper/docs/progress.html]
[yevgenysim.github.io/shopper/docs/rate.html]
[yevgenysim.github.io/shopper/docs/rating.html]
[yevgenysim.github.io/shopper/docs/review.html]
[yevgenysim.github.io/shopper/docs/spinners.html]
[yevgenysim.github.io/shopper/docs/tables.html]
[yevgenysim.github.io/shopper/docs/toasts.html]
[yevgenysim.github.io/shopper/docs/tooltips.html]
[yevgenysim.github.io/shopper/docs/typography.html]
[img.youtube.com/vi/BGrY85i-skk/maxresdefault.jpg]
[yevgenysim.github.io/shopper/docs/fancybox.html]
[yevgenysim.github.io/shopper/docs/flickity.html]
[yevgenysim.github.io/shopper/docs/jarallax.html]
[yevgenysim.github.io/shopper/docs/listjs.html]
[yevgenysim.github.io/shopper/docs/map.html]
[yevgenysim.github.io/shopper/docs/simplebar.html]
[yevgenysim.github.io/shopper/docs/smooth-scroll.html]
[yevgenysim.github.io/shopper/docs/background.html]
[yevgenysim.github.io/shopper/docs/border.html]
[yevgenysim.github.io/shopper/docs/embed.html]
[yevgenysim.github.io/shopper/docs/lift.html]
[yevgenysim.github.io/shopper/docs/opacity.html]
[yevgenysim.github.io/shopper/docs/position.html]
[yevgenysim.github.io/shopper/docs/shadow.html]
[yevgenysim.github.io/shopper/docs/sizing.html]
[yevgenysim.github.io/shopper/docs/text.html]
[yevgenysim.github.io/shopper/docs/video.html]
[yevgenysim.github.io/shopper/docs/zindex.html]
[yevgenysim.github.io/shopper/docs/figma.html]
[yevgenysim.github.io/shopper/assets/img/icons/brands/bootstrap.svg]
[yevgenysim.github.io/shopper/assets/img/icons/brands/figma.svg]
[yevgenysim.github.io/shopper/assets/img/icons/brands/sass.svg]
[yevgenysim.github.io/shopper/assets/img/icons/brands/gulp.svg]
[yevgenysim.github.io/shopper/assets/img/icons/brands/w3c.svg]
[yevgenysim.github.io/shopper/assets/img/icons/brands/doc.svg]
[yevgenysim.github.io/shopper/_blank.html]
[yevgenysim.github.io/shopper/docs/index.html]
[yevgenysim.github.io/shopper/docs/shop.html]
